   Γû▓ Next.js 14.1.0
   - Environments: .env.local

   Creating an optimized production build ...
 Γ£ô Compiled successfully
   Linting and checking validity of types ...
node.exe : Failed to compile.
At line:1 char:1
+ & "C:\Program Files\nodejs/node.exe" 
"C:\Program Files\nodejs/node_mo ...
+ ~~~~~~~~~~~~~~~~~~~~~~~~~~~~~~~~~~~~~~
~~~~~~~~~~~~~~~~~~~~~~~~~~~~~~~
    + CategoryInfo          : NotSpecif 
   ied: (Failed to compile.:String) []  
  , RemoteException
    + FullyQualifiedErrorId : NativeCom 
   mandError
 

./app/middleware.ts:39:25
Type error: Property 'roles' does not 
exist on type 'never'.

[0m [90m 37 |[39m   [36mif[39m 
(error) 
console[33m.[39merror([32m"role 
fetch failed"[39m[33m,[39m 
error[33m.[39mmessage)[33m;[39m[0m
[0m [90m 38 |[39m[0m
[0m[31m[1m>[22m[39m[90m 39 |[39m 
  [36mconst[39m role [33m=[39m roleR
ow[33m?[39m[33m.[39mroles[33m?[39m
[33m.[39mslug [33m?[39m[33m?[39m (
session[33m.[39muser[33m.[39muser_me
tadata[33m.[39mrole [36mas[39m 
string [33m|[39m undefined) 
[33m?[39m[33m?[39m 
[32m"staff"[39m[33m;[39m[0m
[0m [90m    |[39m                    
     [31m[1m^[22m[39m[0m
[0m [90m 40 |[39m   [36mconst[39m 
roleHome [33m=[39m 
[33mROLE_HOME[39m[role] 
[33m?[39m[33m?[39m [33mROLE_HOME[3
9m[33m.[39mstaff[33m;[39m[0m
[0m [90m 41 |[39m[0m
[0m [90m 42 |[39m   res[33m.[39mcoo
kies[33m.[39m[36mset[39m([32m"role"
[39m[33m,[39m role[33m,[39m { 
path[33m:[39m 
[32m"/"[39m[33m,[39m 
httpOnly[33m:[39m [36mfalse[39m 
})[33m;[39m[0m
